// Jest Snapshot v1, https://goo.gl/fbAQLP

exports[`Tests snapshots of components renders correctly 1`] = `
<div
  className="sc-bdfBQB jNIcXP container"
>
  <div
    className="sc-gsTEea cJmrSo card"
  >
    <div
      className="sc-dlfnuX kmUnEG"
    >
      <img
        alt="rocket"
        className="card-img"
        src="https://s3.amazonaws.com/launchlibrary/RocketImages/falcon1_1920.jpg"
      />
    </div>
    <div
      className="sc-hKgJUU dNGPWG card-body"
    >
      <h2
        className="sc-eCstlR fAaXZO card-title"
      >
        Falcon 1
      </h2>
      <div
        className="sc-jSgvzq emRafE card-text"
      >
        <small
          className="sc-gKseQn cxYiQZ position-absolute badge rounded-pill "
        >
          Reserved
        </small>
        <p>
          rocket
        </p>
      </div>
      <button
        className="sc-iBPTik fDHiaM btn btn-primary"
        onClick={[Function]}
      >
        Cancel Reservation
      </button>
    </div>
  </div>
</div>
`;

exports[`Tests snapshots of components renders correctly 2`] = `
<div
  className="mx-5 mt-4"
>
  <table
    className="table caption-top table-bordered table-striped"
  >
    <thead>
      <tr>
        <th
          className="col-1"
        >
          <strong>
            Mission
          </strong>
        </th>
        <th
          className="col-9"
        >
          <strong>
            Description
          </strong>
        </th>
        <th
          className="col-1"
        >
          <strong>
            Status
          </strong>
        </th>
        <th
          className="col-1"
        >
           
        </th>
      </tr>
    </thead>
    <tbody />
  </table>
</div>
`;

exports[`Tests snapshots of components renders correctly 3`] = `
<div
  className="row mx-5 mt-4"
>
  <div
    className="col"
  >
    <h2>
      My Missions
    </h2>
    <table
      className="table table-bordered table-hover"
    >
      <tbody />
    </table>
  </div>
  <div
    className="col"
  >
    <h2>
      My Rockets
    </h2>
    <table
      className="table table-bordered table-hover"
    >
      <tbody />
    </table>
  </div>
</div>
`;
